// Jest Snapshot v1, https://goo.gl/fbAQLP

exports[`Test the Home component Should match the snapshot 1`] = `
<DocumentFragment>
  .c0 {
  min-height: 74vh;
  background-color: #e8ccc7;
  padding: 12px 24px;
}

<div
    class="c0"
  >
    <h1
      class="home__title"
    >
      Hello world!
    </h1>
    <h2
      class="home__subtitle"
    >
      My name is Débora Serra
    </h2>
    <img
      alt="Débora Serra"
      class="home__img"
      data-nimg="1"
      decoding="async"
      height="600"
      loading="lazy"
      src="/_next/image?url=%2Fimg.jpg&w=1080&q=75"
      srcset="/_next/image?url=%2Fimg.jpg&w=640&q=75 1x, /_next/image?url=%2Fimg.jpg&w=1080&q=75 2x"
      style="color: transparent;"
      width="500"
    />
    <p
      class="home__description"
    >
      Web developer student in Trybe | Masters degree in Chemistry by UnB
    </p>
    <p
      class="home__description"
    >
      Cosmetologist by iCosmetologia | Post-graduated in Gastronomy in PUC-RS
    </p>
    <p
      class="home__description"
    >
      See my 
      <a
        href="https://github.com/DeboraSerra"
        rel="noopener noreferrer"
        target="_blank"
      >
        GitHub
      </a>
    </p>
  </div>
</DocumentFragment>
`;
