// Jest Snapshot v1, https://goo.gl/fbAQLP

exports[`Test the Home component Should match the snapshot 1`] = `
<DocumentFragment>
  .c0 {
  min-height: 74vh;
  background-color: #DAD9DE;
  padding: 24px 48px;
  color: #47301E;
  text-align: center;
}

.c0 .home__title {
  margin-bottom: 16px;
  font-size: 22px;
}

.c0 .home__subtitle {
  position: relative;
  font-size: 40px;
}

.c0 .home__subtitle::before {
  content: "";
  background-color: #4E4946;
  position: absolute;
  bottom: -12px;
  left: 50%;
  -webkit-transform: translateX(-50%);
  -ms-transform: translateX(-50%);
  transform: translateX(-50%);
  width: 150px;
  height: 1px;
}

.c0 .home__img {
  width: 350px;
  height: 350px;
  object-fit: cover;
  border-radius: 50%;
  margin: 24px 0;
  box-shadow: 0 0 24px #4E49466f;
}

.c0 .home__description {
  margin-bottom: 16px;
  font-size: 18px;
}

.c0 .home__description:last-of-type {
  margin: 32px 0 0;
}

@media only screen and (max-width:576px) {
  .c0 {
    padding: 12px;
  }

  .c0 .home__img {
    width: 280px;
    height: 280px;
  }

  .c0 .home__description {
    line-height: 2;
  }
}

<div
    class="c0"
  >
    <div
      class="container"
    >
      <h1
        class="home__title"
      >
        Hello world!
      </h1>
      <h2
        class="home__subtitle"
      >
        I am Débora Serra
      </h2>
      <img
        alt="Débora Serra"
        class="home__img"
        data-nimg="1"
        decoding="async"
        height="600"
        loading="lazy"
        src="/_next/image?url=%2Fimg.jpg&w=1080&q=75"
        srcset="/_next/image?url=%2Fimg.jpg&w=640&q=75 1x, /_next/image?url=%2Fimg.jpg&w=1080&q=75 2x"
        style="color: transparent;"
        width="500"
      />
      <p
        class="home__description"
      >
        Full stack web developer by Trybe | Masters degree in Chemistry by UnB
      </p>
      <p
        class="home__description"
      >
        Cosmetologist by iCosmetologia | Post-graduated in Gastronomy in PUC-RS
      </p>
      <p
        class="home__description"
      >
        See my 
        <a
          href="https://github.com/DeboraSerra"
          rel="noopener noreferrer"
          target="_blank"
        >
          GitHub
        </a>
      </p>
    </div>
  </div>
</DocumentFragment>
`;
