// Jest Snapshot v1, https://goo.gl/fbAQLP

exports[`Test the About component Should match the snapshot 1`] = `
<DocumentFragment>
  .c0 {
  min-height: 72vh;
  background-color: #DAD9DE;
  padding: 24px 48px;
  color: #47301E;
}

.c0 .about__title {
  margin-bottom: 48px;
  text-align: center;
  font-size: 40px;
  position: relative;
}

.c0 .about__title::before {
  content: "";
  background-color: #4E4946;
  position: absolute;
  bottom: -12px;
  left: 50%;
  -webkit-transform: translateX(-50%);
  -ms-transform: translateX(-50%);
  transform: translateX(-50%);
  width: 150px;
  height: 1px;
}

.c0 .about__left-sect {
  line-height: 1.6;
  text-align: center;
  overflow: hidden;
}

.c0 .about__p {
  margin-bottom: 12px;
  font-size: 16px;
  text-align: left;
}

.c0 .about__p::first-letter {
  font-size: 22px;
}

.c0 .about__img {
  float: right;
  height: 350px;
  object-fit: cover;
  object-position: top left;
  margin: 0 24px;
}

.c0 .about__skills-title {
  margin: 48px auto;
  position: relative;
  font-size: 26px;
  text-align: center;
}

.c0 .about__skills-title::before {
  content: "";
  background-color: #4E4946;
  position: absolute;
  bottom: -12px;
  left: 50%;
  -webkit-transform: translateX(-50%);
  -ms-transform: translateX(-50%);
  transform: translateX(-50%);
  width: 150px;
  height: 1px;
}

.c0 .about__skills-list {
  list-style-position: inside;
  list-style-type: circle;
  display: -webkit-box;
  display: -webkit-flex;
  display: -ms-flexbox;
  display: flex;
  -webkit-flex-direction: column;
  -ms-flex-direction: column;
  flex-direction: column;
  -webkit-flex-wrap: wrap;
  -ms-flex-wrap: wrap;
  flex-wrap: wrap;
  gap: 12px;
  max-height: 50vh;
}

.c0 .about__skills-list li {
  max-width: 200px;
  line-height: 2;
  font-size: 16px;
}

@media only screen and (max-width:576px) {
  .c0 {
    padding: 12px 24px;
  }

  .c0 .about__img {
    float: none;
    margin: 12px 0;
  }

  .c0 .about__skills-list {
    max-height: 80vh;
  }
}

<div
    class="c0"
  >
    <div
      class="container"
    >
      <h2
        class="about__title"
      >
        About me
      </h2>
      <section
        class="about__left-sect"
      >
        <img
          alt="The most beautiful dog!"
          class="about__img"
          data-nimg="1"
          decoding="async"
          height="500"
          loading="lazy"
          src="/_next/image?url=%2Fimg.jpg&w=640&q=75"
          srcset="/_next/image?url=%2Fimg.jpg&w=384&q=75 1x, /_next/image?url=%2Fimg.jpg&w=640&q=75 2x"
          style="color: transparent;"
          width="300"
        />
        <p
          class="about__p"
        >
          I am brazilian, born in Brazilia - DF. I've lived for two months in Itapema/SC and almost two years in Andradas/MG.
        </p>
        <p
          class="about__p"
        >
          I am 30 years old, I like to watch movies and TV series, learn new things, read, dye my hair, a little of everything.
        </p>
        <p
          class="about__p"
        >
          I'm the mother of this beautiful dog called Fred Weasley.
        </p>
      </section>
      <section
        class="about__skills-sect"
      >
        <h2
          class="about__skills-title"
        >
          My skills
        </h2>
        <ul
          class="about__skills-list"
        >
          <li>
            Linux
          </li>
          <li>
            Git & GitHub
          </li>
          <li>
            HTML
          </li>
          <li>
            CSS
          </li>
          <li>
            JavaScript
          </li>
          <li>
            Jest
          </li>
          <li>
            React
          </li>
          <li>
            Next.js
          </li>
          <li>
            RTL
          </li>
          <li>
            SQL
          </li>
          <li>
            MongoDB
          </li>
          <li>
            Express
          </li>
          <li>
            REST API
          </li>
          <li>
            Sequelize
          </li>
          <li>
            Node.js
          </li>
          <li>
            Mocha
          </li>
          <li>
            Chai
          </li>
          <li>
            Python
          </li>
          <li>
            OOP
          </li>
          <li>
            SOLID
          </li>
        </ul>
      </section>
    </div>
  </div>
</DocumentFragment>
`;
