// Jest Snapshot v1, https://goo.gl/fbAQLP

exports[`Test the ProjectsMenu component Should match the snapshot 1`] = `
<DocumentFragment>
  .c0 {
  position: absolute;
  top: 64px;
  display: -webkit-box;
  display: -webkit-flex;
  display: -ms-flexbox;
  display: flex;
  -webkit-flex-direction: column;
  -ms-flex-direction: column;
  flex-direction: column;
  background-color: #f1b2b2;
  padding: 12px;
  box-shadow: 0 12px 24px #45496a6f;
  color: #2f3037;
}

.c0 a {
  margin-bottom: 8px;
}

.c0 a:last-of-type {
  margin-bottom: 0;
}

.c0 a:hover {
  color: #525560;
  -webkit-text-decoration: underline;
  text-decoration: underline;
}

@media only screen and (max-width:576px) {
  .c0 {
    top: 40px;
  }
}

<div
    class="c0"
  >
    <a
      href="/fundaments"
    >
      Fundaments
    </a>
    <a
      href="/front-end"
    >
      Front end
    </a>
    <a
      href="/back-end"
    >
      Back end
    </a>
    <a
      href="/computer-science"
    >
      Computer science
    </a>
    <a
      href="/personal"
    >
      Personal
    </a>
  </div>
</DocumentFragment>
`;
