// Jest Snapshot v1, https://goo.gl/fbAQLP

exports[`Test the Menu component Should match the snapshot 1`] = `
<DocumentFragment>
  <div
    class="header__links"
  >
    <a
      class="header__link"
      href="/about"
    >
      About Me
    </a>
    <div
      class="header__link"
    >
      Projects 
      <svg
        fill="currentColor"
        height="1em"
        stroke="currentColor"
        stroke-width="0"
        viewBox="0 0 24 24"
        width="1em"
        xmlns="http://www.w3.org/2000/svg"
      >
        <path
          d="M16.293 9.293 12 13.586 7.707 9.293l-1.414 1.414L12 16.414l5.707-5.707z"
        />
      </svg>
    </div>
    <a
      class="header__link"
      href="/contact"
    >
      Contact
    </a>
  </div>
</DocumentFragment>
`;
